// Jest Snapshot v1, https://goo.gl/fbAQLP

exports[`/Users/taylorjohndrew/Dev/projects/kb-sport-ui/src/components/presentational/Box/Box.test.js renders correctly 1`] = `
ReactWrapper {
  Symbol(enzyme.__unrendered__): <Box />,
  Symbol(enzyme.__renderer__): Object {
    "batchedUpdates": [Function],
    "getNode": [Function],
    "render": [Function],
    "simulateError": [Function],
    "simulateEvent": [Function],
    "unmount": [Function],
  },
  Symbol(enzyme.__root__): [Circular],
  Symbol(enzyme.__node__): Object {
    "instance": Box {
      "_reactInternalFiber": FiberNode {
        "_debugID": 50,
        "_debugIsCurrentlyTiming": false,
        "_debugOwner": FiberNode {
          "_debugID": 49,
          "_debugIsCurrentlyTiming": false,
          "_debugOwner": null,
          "_debugSource": null,
          "actualDuration": 0,
          "actualStartTime": -1,
          "alternate": null,
          "child": [Circular],
          "childExpirationTime": 0,
          "effectTag": 1,
          "expirationTime": 0,
          "firstContextDependency": null,
          "firstEffect": null,
          "index": 0,
          "key": null,
          "lastEffect": null,
          "memoizedProps": Object {
            "Component": [Function],
            "context": null,
            "props": Object {},
          },
          "memoizedState": Object {
            "context": null,
            "mount": true,
            "props": Object {},
          },
          "mode": 0,
          "nextEffect": null,
          "pendingProps": Object {
            "Component": [Function],
            "context": null,
            "props": Object {},
          },
          "ref": null,
          "return": FiberNode {
            "_debugID": 47,
            "_debugIsCurrentlyTiming": false,
            "_debugOwner": null,
            "_debugSource": null,
            "actualDuration": 0,
            "actualStartTime": -1,
            "alternate": FiberNode {
              "_debugID": 47,
              "_debugIsCurrentlyTiming": false,
              "_debugOwner": null,
              "_debugSource": null,
              "actualDuration": 0,
              "actualStartTime": -1,
              "alternate": [Circular],
              "child": null,
              "childExpirationTime": 0,
              "effectTag": 0,
              "expirationTime": 1,
              "firstContextDependency": null,
              "firstEffect": null,
              "index": 0,
              "key": null,
              "lastEffect": null,
              "memoizedProps": null,
              "memoizedState": null,
              "mode": 0,
              "nextEffect": null,
              "pendingProps": null,
              "ref": null,
              "return": null,
              "selfBaseDuration": 0,
              "sibling": null,
              "stateNode": Object {
                "containerInfo": <div>
                  <div
                                    class="box__container"
                  />
</div>,
                "context": Object {},
                "current": [Circular],
                "didError": false,
                "earliestPendingTime": 0,
                "earliestSuspendedTime": 0,
                "expirationTime": 0,
                "finishedWork": null,
                "firstBatch": null,
                "hydrate": false,
                "interactionThreadID": 12,
                "latestPendingTime": 0,
                "latestPingedTime": 0,
                "latestSuspendedTime": 0,
                "memoizedInteractions": Set {},
                "nextExpirationTimeToWorkOn": 0,
                "nextScheduledRoot": null,
                "pendingChildren": null,
                "pendingCommitExpirationTime": 0,
                "pendingContext": null,
                "pendingInteractionMap": Map {},
                "timeoutHandle": -1,
              },
              "tag": 5,
              "treeBaseDuration": 0,
              "type": null,
              "updateQueue": Object {
                "baseState": null,
                "firstCapturedEffect": null,
                "firstCapturedUpdate": null,
                "firstEffect": null,
                "firstUpdate": Object {
                  "callback": null,
                  "expirationTime": 1,
                  "next": null,
                  "nextEffect": null,
                  "payload": Object {
                    "element": <WrapperComponent
                      Component={[Function]}
                      context={null}
                      props={Object {}}
/>,
                  },
                  "tag": 0,
                },
                "lastCapturedEffect": null,
                "lastCapturedUpdate": null,
                "lastEffect": null,
                "lastUpdate": Object {
                  "callback": null,
                  "expirationTime": 1,
                  "next": null,
                  "nextEffect": null,
                  "payload": Object {
                    "element": <WrapperComponent
                      Component={[Function]}
                      context={null}
                      props={Object {}}
/>,
                  },
                  "tag": 0,
                },
              },
            },
            "child": [Circular],
            "childExpirationTime": 0,
            "effectTag": 32,
            "expirationTime": 0,
            "firstContextDependency": null,
            "firstEffect": [Circular],
            "index": 0,
            "key": null,
            "lastEffect": [Circular],
            "memoizedProps": null,
            "memoizedState": Object {
              "element": <WrapperComponent
                Component={[Function]}
                context={null}
                props={Object {}}
/>,
            },
            "mode": 0,
            "nextEffect": null,
            "pendingProps": null,
            "ref": null,
            "return": null,
            "selfBaseDuration": 0,
            "sibling": null,
            "stateNode": Object {
              "containerInfo": <div>
                <div
                                class="box__container"
                />
</div>,
              "context": Object {},
              "current": [Circular],
              "didError": false,
              "earliestPendingTime": 0,
              "earliestSuspendedTime": 0,
              "expirationTime": 0,
              "finishedWork": null,
              "firstBatch": null,
              "hydrate": false,
              "interactionThreadID": 12,
              "latestPendingTime": 0,
              "latestPingedTime": 0,
              "latestSuspendedTime": 0,
              "memoizedInteractions": Set {},
              "nextExpirationTimeToWorkOn": 0,
              "nextScheduledRoot": null,
              "pendingChildren": null,
              "pendingCommitExpirationTime": 0,
              "pendingContext": null,
              "pendingInteractionMap": Map {},
              "timeoutHandle": -1,
            },
            "tag": 5,
            "treeBaseDuration": 0,
            "type": null,
            "updateQueue": Object {
              "baseState": Object {
                "element": <WrapperComponent
                  Component={[Function]}
                  context={null}
                  props={Object {}}
/>,
              },
              "firstCapturedEffect": null,
              "firstCapturedUpdate": null,
              "firstEffect": null,
              "firstUpdate": null,
              "lastCapturedEffect": null,
              "lastCapturedUpdate": null,
              "lastEffect": null,
              "lastUpdate": null,
            },
          },
          "selfBaseDuration": 0,
          "sibling": null,
          "stateNode": WrapperComponent {
            "_reactInternalFiber": [Circular],
            "_reactInternalInstance": Object {},
            "context": Object {},
            "props": Object {
              "Component": [Function],
              "context": null,
              "props": Object {},
            },
            "refs": Object {},
            "state": Object {
              "context": null,
              "mount": true,
              "props": Object {},
            },
            "updater": Object {
              "enqueueForceUpdate": [Function],
              "enqueueReplaceState": [Function],
              "enqueueSetState": [Function],
              "isMounted": [Function],
            },
          },
          "tag": 2,
          "treeBaseDuration": 0,
          "type": [Function],
          "updateQueue": null,
        },
        "_debugSource": null,
        "actualDuration": 0,
        "actualStartTime": -1,
        "alternate": null,
        "child": FiberNode {
          "_debugID": 51,
          "_debugIsCurrentlyTiming": false,
          "_debugOwner": [Circular],
          "_debugSource": Object {
            "fileName": "/Users/taylorjohndrew/Dev/projects/kb-sport-ui/src/components/presentational/Box/Box.js",
            "lineNumber": 11,
          },
          "actualDuration": 0,
          "actualStartTime": -1,
          "alternate": null,
          "child": null,
          "childExpirationTime": 0,
          "effectTag": 0,
          "expirationTime": 0,
          "firstContextDependency": null,
          "firstEffect": null,
          "index": 0,
          "key": null,
          "lastEffect": null,
          "memoizedProps": Object {
            "children": undefined,
            "className": "box__container",
          },
          "memoizedState": null,
          "mode": 0,
          "nextEffect": null,
          "pendingProps": Object {
            "children": undefined,
            "className": "box__container",
          },
          "ref": null,
          "return": [Circular],
          "selfBaseDuration": 0,
          "sibling": null,
          "stateNode": <div
            class="box__container"
/>,
          "tag": 7,
          "treeBaseDuration": 0,
          "type": "div",
          "updateQueue": null,
        },
        "childExpirationTime": 0,
        "effectTag": 1,
        "expirationTime": 0,
        "firstContextDependency": null,
        "firstEffect": null,
        "index": 0,
        "key": null,
        "lastEffect": null,
        "memoizedProps": Object {},
        "memoizedState": null,
        "mode": 0,
        "nextEffect": null,
        "pendingProps": Object {},
        "ref": null,
        "return": FiberNode {
          "_debugID": 49,
          "_debugIsCurrentlyTiming": false,
          "_debugOwner": null,
          "_debugSource": null,
          "actualDuration": 0,
          "actualStartTime": -1,
          "alternate": null,
          "child": [Circular],
          "childExpirationTime": 0,
          "effectTag": 1,
          "expirationTime": 0,
          "firstContextDependency": null,
          "firstEffect": null,
          "index": 0,
          "key": null,
          "lastEffect": null,
          "memoizedProps": Object {
            "Component": [Function],
            "context": null,
            "props": Object {},
          },
          "memoizedState": Object {
            "context": null,
            "mount": true,
            "props": Object {},
          },
          "mode": 0,
          "nextEffect": null,
          "pendingProps": Object {
            "Component": [Function],
            "context": null,
            "props": Object {},
          },
          "ref": null,
          "return": FiberNode {
            "_debugID": 47,
            "_debugIsCurrentlyTiming": false,
            "_debugOwner": null,
            "_debugSource": null,
            "actualDuration": 0,
            "actualStartTime": -1,
            "alternate": FiberNode {
              "_debugID": 47,
              "_debugIsCurrentlyTiming": false,
              "_debugOwner": null,
              "_debugSource": null,
              "actualDuration": 0,
              "actualStartTime": -1,
              "alternate": [Circular],
              "child": null,
              "childExpirationTime": 0,
              "effectTag": 0,
              "expirationTime": 1,
              "firstContextDependency": null,
              "firstEffect": null,
              "index": 0,
              "key": null,
              "lastEffect": null,
              "memoizedProps": null,
              "memoizedState": null,
              "mode": 0,
              "nextEffect": null,
              "pendingProps": null,
              "ref": null,
              "return": null,
              "selfBaseDuration": 0,
              "sibling": null,
              "stateNode": Object {
                "containerInfo": <div>
                  <div
                                    class="box__container"
                  />
</div>,
                "context": Object {},
                "current": [Circular],
                "didError": false,
                "earliestPendingTime": 0,
                "earliestSuspendedTime": 0,
                "expirationTime": 0,
                "finishedWork": null,
                "firstBatch": null,
                "hydrate": false,
                "interactionThreadID": 12,
                "latestPendingTime": 0,
                "latestPingedTime": 0,
                "latestSuspendedTime": 0,
                "memoizedInteractions": Set {},
                "nextExpirationTimeToWorkOn": 0,
                "nextScheduledRoot": null,
                "pendingChildren": null,
                "pendingCommitExpirationTime": 0,
                "pendingContext": null,
                "pendingInteractionMap": Map {},
                "timeoutHandle": -1,
              },
              "tag": 5,
              "treeBaseDuration": 0,
              "type": null,
              "updateQueue": Object {
                "baseState": null,
                "firstCapturedEffect": null,
                "firstCapturedUpdate": null,
                "firstEffect": null,
                "firstUpdate": Object {
                  "callback": null,
                  "expirationTime": 1,
                  "next": null,
                  "nextEffect": null,
                  "payload": Object {
                    "element": <WrapperComponent
                      Component={[Function]}
                      context={null}
                      props={Object {}}
/>,
                  },
                  "tag": 0,
                },
                "lastCapturedEffect": null,
                "lastCapturedUpdate": null,
                "lastEffect": null,
                "lastUpdate": Object {
                  "callback": null,
                  "expirationTime": 1,
                  "next": null,
                  "nextEffect": null,
                  "payload": Object {
                    "element": <WrapperComponent
                      Component={[Function]}
                      context={null}
                      props={Object {}}
/>,
                  },
                  "tag": 0,
                },
              },
            },
            "child": [Circular],
            "childExpirationTime": 0,
            "effectTag": 32,
            "expirationTime": 0,
            "firstContextDependency": null,
            "firstEffect": [Circular],
            "index": 0,
            "key": null,
            "lastEffect": [Circular],
            "memoizedProps": null,
            "memoizedState": Object {
              "element": <WrapperComponent
                Component={[Function]}
                context={null}
                props={Object {}}
/>,
            },
            "mode": 0,
            "nextEffect": null,
            "pendingProps": null,
            "ref": null,
            "return": null,
            "selfBaseDuration": 0,
            "sibling": null,
            "stateNode": Object {
              "containerInfo": <div>
                <div
                                class="box__container"
                />
</div>,
              "context": Object {},
              "current": [Circular],
              "didError": false,
              "earliestPendingTime": 0,
              "earliestSuspendedTime": 0,
              "expirationTime": 0,
              "finishedWork": null,
              "firstBatch": null,
              "hydrate": false,
              "interactionThreadID": 12,
              "latestPendingTime": 0,
              "latestPingedTime": 0,
              "latestSuspendedTime": 0,
              "memoizedInteractions": Set {},
              "nextExpirationTimeToWorkOn": 0,
              "nextScheduledRoot": null,
              "pendingChildren": null,
              "pendingCommitExpirationTime": 0,
              "pendingContext": null,
              "pendingInteractionMap": Map {},
              "timeoutHandle": -1,
            },
            "tag": 5,
            "treeBaseDuration": 0,
            "type": null,
            "updateQueue": Object {
              "baseState": Object {
                "element": <WrapperComponent
                  Component={[Function]}
                  context={null}
                  props={Object {}}
/>,
              },
              "firstCapturedEffect": null,
              "firstCapturedUpdate": null,
              "firstEffect": null,
              "firstUpdate": null,
              "lastCapturedEffect": null,
              "lastCapturedUpdate": null,
              "lastEffect": null,
              "lastUpdate": null,
            },
          },
          "selfBaseDuration": 0,
          "sibling": null,
          "stateNode": WrapperComponent {
            "_reactInternalFiber": [Circular],
            "_reactInternalInstance": Object {},
            "context": Object {},
            "props": Object {
              "Component": [Function],
              "context": null,
              "props": Object {},
            },
            "refs": Object {},
            "state": Object {
              "context": null,
              "mount": true,
              "props": Object {},
            },
            "updater": Object {
              "enqueueForceUpdate": [Function],
              "enqueueReplaceState": [Function],
              "enqueueSetState": [Function],
              "isMounted": [Function],
            },
          },
          "tag": 2,
          "treeBaseDuration": 0,
          "type": [Function],
          "updateQueue": null,
        },
        "selfBaseDuration": 0,
        "sibling": null,
        "stateNode": [Circular],
        "tag": 2,
        "treeBaseDuration": 0,
        "type": [Function],
        "updateQueue": null,
      },
      "_reactInternalInstance": Object {},
      "context": Object {},
      "props": Object {},
      "refs": Object {},
      "state": null,
      "updater": Object {
        "enqueueForceUpdate": [Function],
        "enqueueReplaceState": [Function],
        "enqueueSetState": [Function],
        "isMounted": [Function],
      },
    },
    "key": undefined,
    "nodeType": "class",
    "props": Object {},
    "ref": null,
    "rendered": Object {
      "instance": <div
        class="box__container"
/>,
      "key": undefined,
      "nodeType": "host",
      "props": Object {
        "children": undefined,
        "className": "box__container",
      },
      "ref": null,
      "rendered": Array [
        undefined,
      ],
      "type": "div",
    },
    "type": [Function],
  },
  Symbol(enzyme.__nodes__): Array [
    Object {
      "instance": Box {
        "_reactInternalFiber": FiberNode {
          "_debugID": 50,
          "_debugIsCurrentlyTiming": false,
          "_debugOwner": FiberNode {
            "_debugID": 49,
            "_debugIsCurrentlyTiming": false,
            "_debugOwner": null,
            "_debugSource": null,
            "actualDuration": 0,
            "actualStartTime": -1,
            "alternate": null,
            "child": [Circular],
            "childExpirationTime": 0,
            "effectTag": 1,
            "expirationTime": 0,
            "firstContextDependency": null,
            "firstEffect": null,
            "index": 0,
            "key": null,
            "lastEffect": null,
            "memoizedProps": Object {
              "Component": [Function],
              "context": null,
              "props": Object {},
            },
            "memoizedState": Object {
              "context": null,
              "mount": true,
              "props": Object {},
            },
            "mode": 0,
            "nextEffect": null,
            "pendingProps": Object {
              "Component": [Function],
              "context": null,
              "props": Object {},
            },
            "ref": null,
            "return": FiberNode {
              "_debugID": 47,
              "_debugIsCurrentlyTiming": false,
              "_debugOwner": null,
              "_debugSource": null,
              "actualDuration": 0,
              "actualStartTime": -1,
              "alternate": FiberNode {
                "_debugID": 47,
                "_debugIsCurrentlyTiming": false,
                "_debugOwner": null,
                "_debugSource": null,
                "actualDuration": 0,
                "actualStartTime": -1,
                "alternate": [Circular],
                "child": null,
                "childExpirationTime": 0,
                "effectTag": 0,
                "expirationTime": 1,
                "firstContextDependency": null,
                "firstEffect": null,
                "index": 0,
                "key": null,
                "lastEffect": null,
                "memoizedProps": null,
                "memoizedState": null,
                "mode": 0,
                "nextEffect": null,
                "pendingProps": null,
                "ref": null,
                "return": null,
                "selfBaseDuration": 0,
                "sibling": null,
                "stateNode": Object {
                  "containerInfo": <div>
                    <div
                                        class="box__container"
                    />
</div>,
                  "context": Object {},
                  "current": [Circular],
                  "didError": false,
                  "earliestPendingTime": 0,
                  "earliestSuspendedTime": 0,
                  "expirationTime": 0,
                  "finishedWork": null,
                  "firstBatch": null,
                  "hydrate": false,
                  "interactionThreadID": 12,
                  "latestPendingTime": 0,
                  "latestPingedTime": 0,
                  "latestSuspendedTime": 0,
                  "memoizedInteractions": Set {},
                  "nextExpirationTimeToWorkOn": 0,
                  "nextScheduledRoot": null,
                  "pendingChildren": null,
                  "pendingCommitExpirationTime": 0,
                  "pendingContext": null,
                  "pendingInteractionMap": Map {},
                  "timeoutHandle": -1,
                },
                "tag": 5,
                "treeBaseDuration": 0,
                "type": null,
                "updateQueue": Object {
                  "baseState": null,
                  "firstCapturedEffect": null,
                  "firstCapturedUpdate": null,
                  "firstEffect": null,
                  "firstUpdate": Object {
                    "callback": null,
                    "expirationTime": 1,
                    "next": null,
                    "nextEffect": null,
                    "payload": Object {
                      "element": <WrapperComponent
                        Component={[Function]}
                        context={null}
                        props={Object {}}
/>,
                    },
                    "tag": 0,
                  },
                  "lastCapturedEffect": null,
                  "lastCapturedUpdate": null,
                  "lastEffect": null,
                  "lastUpdate": Object {
                    "callback": null,
                    "expirationTime": 1,
                    "next": null,
                    "nextEffect": null,
                    "payload": Object {
                      "element": <WrapperComponent
                        Component={[Function]}
                        context={null}
                        props={Object {}}
/>,
                    },
                    "tag": 0,
                  },
                },
              },
              "child": [Circular],
              "childExpirationTime": 0,
              "effectTag": 32,
              "expirationTime": 0,
              "firstContextDependency": null,
              "firstEffect": [Circular],
              "index": 0,
              "key": null,
              "lastEffect": [Circular],
              "memoizedProps": null,
              "memoizedState": Object {
                "element": <WrapperComponent
                  Component={[Function]}
                  context={null}
                  props={Object {}}
/>,
              },
              "mode": 0,
              "nextEffect": null,
              "pendingProps": null,
              "ref": null,
              "return": null,
              "selfBaseDuration": 0,
              "sibling": null,
              "stateNode": Object {
                "containerInfo": <div>
                  <div
                                    class="box__container"
                  />
</div>,
                "context": Object {},
                "current": [Circular],
                "didError": false,
                "earliestPendingTime": 0,
                "earliestSuspendedTime": 0,
                "expirationTime": 0,
                "finishedWork": null,
                "firstBatch": null,
                "hydrate": false,
                "interactionThreadID": 12,
                "latestPendingTime": 0,
                "latestPingedTime": 0,
                "latestSuspendedTime": 0,
                "memoizedInteractions": Set {},
                "nextExpirationTimeToWorkOn": 0,
                "nextScheduledRoot": null,
                "pendingChildren": null,
                "pendingCommitExpirationTime": 0,
                "pendingContext": null,
                "pendingInteractionMap": Map {},
                "timeoutHandle": -1,
              },
              "tag": 5,
              "treeBaseDuration": 0,
              "type": null,
              "updateQueue": Object {
                "baseState": Object {
                  "element": <WrapperComponent
                    Component={[Function]}
                    context={null}
                    props={Object {}}
/>,
                },
                "firstCapturedEffect": null,
                "firstCapturedUpdate": null,
                "firstEffect": null,
                "firstUpdate": null,
                "lastCapturedEffect": null,
                "lastCapturedUpdate": null,
                "lastEffect": null,
                "lastUpdate": null,
              },
            },
            "selfBaseDuration": 0,
            "sibling": null,
            "stateNode": WrapperComponent {
              "_reactInternalFiber": [Circular],
              "_reactInternalInstance": Object {},
              "context": Object {},
              "props": Object {
                "Component": [Function],
                "context": null,
                "props": Object {},
              },
              "refs": Object {},
              "state": Object {
                "context": null,
                "mount": true,
                "props": Object {},
              },
              "updater": Object {
                "enqueueForceUpdate": [Function],
                "enqueueReplaceState": [Function],
                "enqueueSetState": [Function],
                "isMounted": [Function],
              },
            },
            "tag": 2,
            "treeBaseDuration": 0,
            "type": [Function],
            "updateQueue": null,
          },
          "_debugSource": null,
          "actualDuration": 0,
          "actualStartTime": -1,
          "alternate": null,
          "child": FiberNode {
            "_debugID": 51,
            "_debugIsCurrentlyTiming": false,
            "_debugOwner": [Circular],
            "_debugSource": Object {
              "fileName": "/Users/taylorjohndrew/Dev/projects/kb-sport-ui/src/components/presentational/Box/Box.js",
              "lineNumber": 11,
            },
            "actualDuration": 0,
            "actualStartTime": -1,
            "alternate": null,
            "child": null,
            "childExpirationTime": 0,
            "effectTag": 0,
            "expirationTime": 0,
            "firstContextDependency": null,
            "firstEffect": null,
            "index": 0,
            "key": null,
            "lastEffect": null,
            "memoizedProps": Object {
              "children": undefined,
              "className": "box__container",
            },
            "memoizedState": null,
            "mode": 0,
            "nextEffect": null,
            "pendingProps": Object {
              "children": undefined,
              "className": "box__container",
            },
            "ref": null,
            "return": [Circular],
            "selfBaseDuration": 0,
            "sibling": null,
            "stateNode": <div
              class="box__container"
/>,
            "tag": 7,
            "treeBaseDuration": 0,
            "type": "div",
            "updateQueue": null,
          },
          "childExpirationTime": 0,
          "effectTag": 1,
          "expirationTime": 0,
          "firstContextDependency": null,
          "firstEffect": null,
          "index": 0,
          "key": null,
          "lastEffect": null,
          "memoizedProps": Object {},
          "memoizedState": null,
          "mode": 0,
          "nextEffect": null,
          "pendingProps": Object {},
          "ref": null,
          "return": FiberNode {
            "_debugID": 49,
            "_debugIsCurrentlyTiming": false,
            "_debugOwner": null,
            "_debugSource": null,
            "actualDuration": 0,
            "actualStartTime": -1,
            "alternate": null,
            "child": [Circular],
            "childExpirationTime": 0,
            "effectTag": 1,
            "expirationTime": 0,
            "firstContextDependency": null,
            "firstEffect": null,
            "index": 0,
            "key": null,
            "lastEffect": null,
            "memoizedProps": Object {
              "Component": [Function],
              "context": null,
              "props": Object {},
            },
            "memoizedState": Object {
              "context": null,
              "mount": true,
              "props": Object {},
            },
            "mode": 0,
            "nextEffect": null,
            "pendingProps": Object {
              "Component": [Function],
              "context": null,
              "props": Object {},
            },
            "ref": null,
            "return": FiberNode {
              "_debugID": 47,
              "_debugIsCurrentlyTiming": false,
              "_debugOwner": null,
              "_debugSource": null,
              "actualDuration": 0,
              "actualStartTime": -1,
              "alternate": FiberNode {
                "_debugID": 47,
                "_debugIsCurrentlyTiming": false,
                "_debugOwner": null,
                "_debugSource": null,
                "actualDuration": 0,
                "actualStartTime": -1,
                "alternate": [Circular],
                "child": null,
                "childExpirationTime": 0,
                "effectTag": 0,
                "expirationTime": 1,
                "firstContextDependency": null,
                "firstEffect": null,
                "index": 0,
                "key": null,
                "lastEffect": null,
                "memoizedProps": null,
                "memoizedState": null,
                "mode": 0,
                "nextEffect": null,
                "pendingProps": null,
                "ref": null,
                "return": null,
                "selfBaseDuration": 0,
                "sibling": null,
                "stateNode": Object {
                  "containerInfo": <div>
                    <div
                                        class="box__container"
                    />
</div>,
                  "context": Object {},
                  "current": [Circular],
                  "didError": false,
                  "earliestPendingTime": 0,
                  "earliestSuspendedTime": 0,
                  "expirationTime": 0,
                  "finishedWork": null,
                  "firstBatch": null,
                  "hydrate": false,
                  "interactionThreadID": 12,
                  "latestPendingTime": 0,
                  "latestPingedTime": 0,
                  "latestSuspendedTime": 0,
                  "memoizedInteractions": Set {},
                  "nextExpirationTimeToWorkOn": 0,
                  "nextScheduledRoot": null,
                  "pendingChildren": null,
                  "pendingCommitExpirationTime": 0,
                  "pendingContext": null,
                  "pendingInteractionMap": Map {},
                  "timeoutHandle": -1,
                },
                "tag": 5,
                "treeBaseDuration": 0,
                "type": null,
                "updateQueue": Object {
                  "baseState": null,
                  "firstCapturedEffect": null,
                  "firstCapturedUpdate": null,
                  "firstEffect": null,
                  "firstUpdate": Object {
                    "callback": null,
                    "expirationTime": 1,
                    "next": null,
                    "nextEffect": null,
                    "payload": Object {
                      "element": <WrapperComponent
                        Component={[Function]}
                        context={null}
                        props={Object {}}
/>,
                    },
                    "tag": 0,
                  },
                  "lastCapturedEffect": null,
                  "lastCapturedUpdate": null,
                  "lastEffect": null,
                  "lastUpdate": Object {
                    "callback": null,
                    "expirationTime": 1,
                    "next": null,
                    "nextEffect": null,
                    "payload": Object {
                      "element": <WrapperComponent
                        Component={[Function]}
                        context={null}
                        props={Object {}}
/>,
                    },
                    "tag": 0,
                  },
                },
              },
              "child": [Circular],
              "childExpirationTime": 0,
              "effectTag": 32,
              "expirationTime": 0,
              "firstContextDependency": null,
              "firstEffect": [Circular],
              "index": 0,
              "key": null,
              "lastEffect": [Circular],
              "memoizedProps": null,
              "memoizedState": Object {
                "element": <WrapperComponent
                  Component={[Function]}
                  context={null}
                  props={Object {}}
/>,
              },
              "mode": 0,
              "nextEffect": null,
              "pendingProps": null,
              "ref": null,
              "return": null,
              "selfBaseDuration": 0,
              "sibling": null,
              "stateNode": Object {
                "containerInfo": <div>
                  <div
                                    class="box__container"
                  />
</div>,
                "context": Object {},
                "current": [Circular],
                "didError": false,
                "earliestPendingTime": 0,
                "earliestSuspendedTime": 0,
                "expirationTime": 0,
                "finishedWork": null,
                "firstBatch": null,
                "hydrate": false,
                "interactionThreadID": 12,
                "latestPendingTime": 0,
                "latestPingedTime": 0,
                "latestSuspendedTime": 0,
                "memoizedInteractions": Set {},
                "nextExpirationTimeToWorkOn": 0,
                "nextScheduledRoot": null,
                "pendingChildren": null,
                "pendingCommitExpirationTime": 0,
                "pendingContext": null,
                "pendingInteractionMap": Map {},
                "timeoutHandle": -1,
              },
              "tag": 5,
              "treeBaseDuration": 0,
              "type": null,
              "updateQueue": Object {
                "baseState": Object {
                  "element": <WrapperComponent
                    Component={[Function]}
                    context={null}
                    props={Object {}}
/>,
                },
                "firstCapturedEffect": null,
                "firstCapturedUpdate": null,
                "firstEffect": null,
                "firstUpdate": null,
                "lastCapturedEffect": null,
                "lastCapturedUpdate": null,
                "lastEffect": null,
                "lastUpdate": null,
              },
            },
            "selfBaseDuration": 0,
            "sibling": null,
            "stateNode": WrapperComponent {
              "_reactInternalFiber": [Circular],
              "_reactInternalInstance": Object {},
              "context": Object {},
              "props": Object {
                "Component": [Function],
                "context": null,
                "props": Object {},
              },
              "refs": Object {},
              "state": Object {
                "context": null,
                "mount": true,
                "props": Object {},
              },
              "updater": Object {
                "enqueueForceUpdate": [Function],
                "enqueueReplaceState": [Function],
                "enqueueSetState": [Function],
                "isMounted": [Function],
              },
            },
            "tag": 2,
            "treeBaseDuration": 0,
            "type": [Function],
            "updateQueue": null,
          },
          "selfBaseDuration": 0,
          "sibling": null,
          "stateNode": [Circular],
          "tag": 2,
          "treeBaseDuration": 0,
          "type": [Function],
          "updateQueue": null,
        },
        "_reactInternalInstance": Object {},
        "context": Object {},
        "props": Object {},
        "refs": Object {},
        "state": null,
        "updater": Object {
          "enqueueForceUpdate": [Function],
          "enqueueReplaceState": [Function],
          "enqueueSetState": [Function],
          "isMounted": [Function],
        },
      },
      "key": undefined,
      "nodeType": "class",
      "props": Object {},
      "ref": null,
      "rendered": Object {
        "instance": <div
          class="box__container"
/>,
        "key": undefined,
        "nodeType": "host",
        "props": Object {
          "children": undefined,
          "className": "box__container",
        },
        "ref": null,
        "rendered": Array [
          undefined,
        ],
        "type": "div",
      },
      "type": [Function],
    },
  ],
  Symbol(enzyme.__options__): Object {
    "adapter": ReactSixteenAdapter {
      "options": Object {
        "enableComponentDidUpdateOnSetState": true,
        "lifecycles": Object {
          "componentDidUpdate": Object {
            "onSetState": true,
          },
          "getDerivedStateFromProps": true,
          "getSnapshotBeforeUpdate": true,
          "setState": Object {
            "skipsComponentDidUpdateOnNullish": true,
          },
        },
      },
    },
  },
}
`;
